// Jest Snapshot v1, https://goo.gl/fbAQLP

exports[`TableComponent component snapshot  1`] = `
<div
  className="MuiPaper-root MuiTableContainer-root MuiPaper-elevation1 MuiPaper-rounded"
>
  <table>
    <thead
      className="MuiTableHead-root"
      role={null}
    >
      <tr
        className="MuiTableRow-root MuiTableRow-head"
        role={null}
      >
        <th
          aria-sort={null}
          className="MuiTableCell-root MuiTableCell-head"
          scope="col"
        >
          month
        </th>
        <th
          aria-sort={null}
          className="MuiTableCell-root MuiTableCell-head"
          scope="col"
        >
          good
        </th>
        <th
          aria-sort={null}
          className="MuiTableCell-root MuiTableCell-head"
          scope="col"
        >
          median
        </th>
        <th
          aria-sort={null}
          className="MuiTableCell-root MuiTableCell-head"
          scope="col"
        >
          bad
        </th>
      </tr>
    </thead>
    <tbody
      className="MuiTableBody-root"
      role={null}
    />
  </table>
</div>
`;
